                                      [Fri Dec 25 14:20:21] no request data
